init=polarized, Target ⟨n⟩=6.4835, ‖ψ_target‖²=1.0000000000

γ_list/(2π) [kHz] = ["0", "0.001", "0.00251", "0.00631", "0.0158", "0.0398", "0.1", "0.251", "0.631", "1.58", "3.98", "10"]

--- protocol ---
  γ/(2π) =        0 kHz   F = 1.000000
  γ/(2π) =    0.001 kHz   F = 0.995917
  γ/(2π) = 0.002512 kHz   F = 0.989861
  γ/(2π) =  0.00631 kHz   F = 0.975235
  γ/(2π) =  0.01585 kHz   F = 0.941767
  γ/(2π) =  0.03981 kHz   F = 0.873344
  γ/(2π) =      0.1 kHz   F = 0.758117
  γ/(2π) =   0.2512 kHz   F = 0.608082
  γ/(2π) =    0.631 kHz   F = 0.456828
  γ/(2π) =    1.585 kHz   F = 0.327885
  γ/(2π) =    3.981 kHz   F = 0.223075
  γ/(2π) =       10 kHz   F = 0.137232

--- GRAPE T_frac=1 ---
  γ/(2π) =        0 kHz   F = 0.995694
  γ/(2π) =    0.001 kHz   F = 0.992870
  γ/(2π) = 0.002512 kHz   F = 0.988652
  γ/(2π) =  0.00631 kHz   F = 0.978323
  γ/(2π) =  0.01585 kHz   F = 0.953924
  γ/(2π) =  0.03981 kHz   F = 0.900722
  γ/(2π) =      0.1 kHz   F = 0.801221
  γ/(2π) =   0.2512 kHz   F = 0.654179
  γ/(2π) =    0.631 kHz   F = 0.489469
  γ/(2π) =    1.585 kHz   F = 0.344135
  γ/(2π) =    3.981 kHz   F = 0.234059
  γ/(2π) =       10 kHz   F = 0.153076

--- GRAPE T_frac=0.9 ---
  γ/(2π) =        0 kHz   F = 0.990799
  γ/(2π) =    0.001 kHz   F = 0.988256
  γ/(2π) = 0.002512 kHz   F = 0.984453
  γ/(2π) =  0.00631 kHz   F = 0.975115
  γ/(2π) =  0.01585 kHz   F = 0.952927
  γ/(2π) =  0.03981 kHz   F = 0.903941
  γ/(2π) =      0.1 kHz   F = 0.810439
  γ/(2π) =   0.2512 kHz   F = 0.669071
  γ/(2π) =    0.631 kHz   F = 0.508286
  γ/(2π) =    1.585 kHz   F = 0.365731
  γ/(2π) =    3.981 kHz   F = 0.253949
  γ/(2π) =       10 kHz   F = 0.163750

--- GRAPE T_frac=0.75 ---
  γ/(2π) =        0 kHz   F = 0.992205
  γ/(2π) =    0.001 kHz   F = 0.989716
  γ/(2π) = 0.002512 kHz   F = 0.985994
  γ/(2π) =  0.00631 kHz   F = 0.976851
  γ/(2π) =  0.01585 kHz   F = 0.955106
  γ/(2π) =  0.03981 kHz   F = 0.907003
  γ/(2π) =      0.1 kHz   F = 0.814901
  γ/(2π) =   0.2512 kHz   F = 0.675042
  γ/(2π) =    0.631 kHz   F = 0.514452
  γ/(2π) =    1.585 kHz   F = 0.370971
  γ/(2π) =    3.981 kHz   F = 0.260163
  γ/(2π) =       10 kHz   F = 0.170563

--- GRAPE T_frac=0.5 ---
  γ/(2π) =        0 kHz   F = 0.991994
  γ/(2π) =    0.001 kHz   F = 0.990093
  γ/(2π) = 0.002512 kHz   F = 0.987241
  γ/(2π) =  0.00631 kHz   F = 0.980197
  γ/(2π) =  0.01585 kHz   F = 0.963215
  γ/(2π) =  0.03981 kHz   F = 0.924528
  γ/(2π) =      0.1 kHz   F = 0.846325
  γ/(2π) =   0.2512 kHz   F = 0.718278
  γ/(2π) =    0.631 kHz   F = 0.560118
  γ/(2π) =    1.585 kHz   F = 0.410400
  γ/(2π) =    3.981 kHz   F = 0.290797
  γ/(2π) =       10 kHz   F = 0.196324

--- GRAPE T_frac=1/3 ---
  γ/(2π) =        0 kHz   F = 0.990707
  γ/(2π) =    0.001 kHz   F = 0.989307
  γ/(2π) = 0.002512 kHz   F = 0.987205
  γ/(2π) =  0.00631 kHz   F = 0.981999
  γ/(2π) =  0.01585 kHz   F = 0.969367
  γ/(2π) =  0.03981 kHz   F = 0.940138
  γ/(2π) =      0.1 kHz   F = 0.878822
  γ/(2π) =   0.2512 kHz   F = 0.768489
  γ/(2π) =    0.631 kHz   F = 0.601429
  γ/(2π) =    1.585 kHz   F = 0.404142
  γ/(2π) =    3.981 kHz   F = 0.236811
  γ/(2π) =       10 kHz   F = 0.134609

Saved: test_dephasing_xdisp_polarized.png
Saved: test_dephasing_xdisp_polarized.jld2
