init = polarized, Target ⟨n⟩ = 6.5030, ‖ψ_target‖² = 1.0000000000

γ_list/(2π) [kHz] = ["0", "0.001", "0.00251", "0.00631", "0.0158", "0.0398", "0.1", "0.251", "0.631", "1.58", "3.98", "10"]

--- protocol ---
  γ/(2π) =        0 kHz   F = 1.000000
  γ/(2π) =    0.001 kHz   F = 0.996058
  γ/(2π) = 0.002512 kHz   F = 0.990200
  γ/(2π) =  0.00631 kHz   F = 0.976001
  γ/(2π) =  0.01585 kHz   F = 0.943246
  γ/(2π) =  0.03981 kHz   F = 0.875280
  γ/(2π) =      0.1 kHz   F = 0.758775
  γ/(2π) =   0.2512 kHz   F = 0.605769
  γ/(2π) =    0.631 kHz   F = 0.452468
  γ/(2π) =    1.585 kHz   F = 0.323551
  γ/(2π) =    3.981 kHz   F = 0.219303
  γ/(2π) =       10 kHz   F = 0.135038

--- GRAPE T_frac=1 ---
  γ/(2π) =        0 kHz   F = 0.999893
  γ/(2π) =    0.001 kHz   F = 0.995956
  γ/(2π) = 0.002512 kHz   F = 0.990105
  γ/(2π) =  0.00631 kHz   F = 0.975922
  γ/(2π) =  0.01585 kHz   F = 0.943193
  γ/(2π) =  0.03981 kHz   F = 0.875251
  γ/(2π) =      0.1 kHz   F = 0.758713
  γ/(2π) =   0.2512 kHz   F = 0.605585
  γ/(2π) =    0.631 kHz   F = 0.452126
  γ/(2π) =    1.585 kHz   F = 0.323150
  γ/(2π) =    3.981 kHz   F = 0.219050
  γ/(2π) =       10 kHz   F = 0.134984

--- GRAPE T_frac=0.9 ---
  γ/(2π) =        0 kHz   F = 0.991159
  γ/(2π) =    0.001 kHz   F = 0.987928
  γ/(2π) = 0.002512 kHz   F = 0.983113
  γ/(2π) =  0.00631 kHz   F = 0.971365
  γ/(2π) =  0.01585 kHz   F = 0.943855
  γ/(2π) =  0.03981 kHz   F = 0.884972
  γ/(2π) =      0.1 kHz   F = 0.778619
  γ/(2π) =   0.2512 kHz   F = 0.629579
  γ/(2π) =    0.631 kHz   F = 0.472048
  γ/(2π) =    1.585 kHz   F = 0.336932
  γ/(2π) =    3.981 kHz   F = 0.227475
  γ/(2π) =       10 kHz   F = 0.138488

--- GRAPE T_frac=0.75 ---
  γ/(2π) =        0 kHz   F = 0.990619
  γ/(2π) =    0.001 kHz   F = 0.987861
  γ/(2π) = 0.002512 kHz   F = 0.983742
  γ/(2π) =  0.00631 kHz   F = 0.973649
  γ/(2π) =  0.01585 kHz   F = 0.949790
  γ/(2π) =  0.03981 kHz   F = 0.897695
  γ/(2π) =      0.1 kHz   F = 0.800297
  γ/(2π) =   0.2512 kHz   F = 0.657208
  γ/(2π) =    0.631 kHz   F = 0.498209
  γ/(2π) =    1.585 kHz   F = 0.357787
  γ/(2π) =    3.981 kHz   F = 0.245123
  γ/(2π) =       10 kHz   F = 0.153148

--- GRAPE T_frac=0.5 ---
  γ/(2π) =        0 kHz   F = 0.995201
  γ/(2π) =    0.001 kHz   F = 0.993456
  γ/(2π) = 0.002512 kHz   F = 0.990836
  γ/(2π) =  0.00631 kHz   F = 0.984351
  γ/(2π) =  0.01585 kHz   F = 0.968639
  γ/(2π) =  0.03981 kHz   F = 0.932438
  γ/(2π) =      0.1 kHz   F = 0.857598
  γ/(2π) =   0.2512 kHz   F = 0.730622
  γ/(2π) =    0.631 kHz   F = 0.568095
  γ/(2π) =    1.585 kHz   F = 0.412287
  γ/(2π) =    3.981 kHz   F = 0.285261
  γ/(2π) =       10 kHz   F = 0.186401

--- GRAPE T_frac=1/3 ---
  γ/(2π) =        0 kHz   F = 0.990202
  γ/(2π) =    0.001 kHz   F = 0.988878
  γ/(2π) = 0.002512 kHz   F = 0.986889
  γ/(2π) =  0.00631 kHz   F = 0.981947
  γ/(2π) =  0.01585 kHz   F = 0.969872
  γ/(2π) =  0.03981 kHz   F = 0.941507
  γ/(2π) =      0.1 kHz   F = 0.880493
  γ/(2π) =   0.2512 kHz   F = 0.769911
  γ/(2π) =    0.631 kHz   F = 0.615917
  γ/(2π) =    1.585 kHz   F = 0.456213
  γ/(2π) =    3.981 kHz   F = 0.323956
  γ/(2π) =       10 kHz   F = 0.222053

Saved: test_dephasing_polarized.png
Saved: test_dephasing_polarized.jld2
