
============================================================
  T_frac = 1.0000
============================================================
‖ψ_target‖² = 1.0000000000  (should be 1, xdisp=true)
=== ion_GRAPE_displace: |0⟩_b⊗|polarized⟩ → x-displaced (rotated) squeeze+displace target ===
N = 1, nmax = 20, z_target = 0.500, P = 1, ℓ = 1
ζ = 1.000000, τ = 0.028209 ms
t_strobo = 0.112838 ms, t_free = 0.112838 ms, T = 0.225676 ms, nt = 400

Initial-guess (extended protocol):  F = 0.673805

Running GRAPE (iter_stop = 400, F_threshold = 0.9900)…
 iter.        J_T       ǁ∇Jǁ       ǁΔϵǁ         ΔJ   FG(F)    secs
     0   3.26e-01   1.87e-03        n/a        n/a    1(0)     6.8
     1   3.26e-01   1.87e-03   1.87e-03  -3.49e-06    1(0)     3.1
     2   1.49e-01   1.87e-03   1.48e+02  -1.77e-01    2(0)     5.3
     3   1.14e-01   1.60e-03   1.23e+02  -3.54e-02    1(0)     2.4
     4   6.90e-02   2.40e-03   2.92e+01  -4.50e-02    1(0)     2.4
     5   3.68e-02   1.40e-03   4.29e+01  -3.23e-02    1(0)     2.3
     6   1.51e-02   7.85e-04   7.04e+01  -2.17e-02    1(0)     2.3
     7   1.01e-02   7.67e-04   2.27e+01  -5.00e-03    2(0)     4.8
     8   4.31e-03   5.68e-04   4.92e+01  -5.76e-03    1(0)     2.4

--- Optimisation summary ---
Iterations: 8   Final J_T: 4.311721e-03   ⇒ F ≈ 0.995688

--- Re-propagation diagnostics ---
F:                  0.99568828
|⟨φ|ψ(T)⟩|:         0.997842
arg⟨φ|ψ(T)⟩:        +0.0322 rad   (global phase)
Max |1 − ‖ψ(T)‖²|:  2.44e-15
Pulse plot saved to: ion_GRAPE_xdisp_pol_pulses_Tfrac1000.png

============================================================
  T_frac = 0.9000
============================================================
‖ψ_target‖² = 1.0000000000  (should be 1, xdisp=true)
=== ion_GRAPE_displace: |0⟩_b⊗|polarized⟩ → x-displaced (rotated) squeeze+displace target ===
N = 1, nmax = 20, z_target = 0.500, P = 1, ℓ = 1
ζ = 1.000000, τ = 0.028209 ms
t_strobo = 0.112838 ms, t_free = 0.112838 ms, T = 0.203108 ms, nt = 400

Initial-guess (extended protocol):  F = 0.691901

Running GRAPE (iter_stop = 400, F_threshold = 0.9900)…
 iter.        J_T       ǁ∇Jǁ       ǁΔϵǁ         ΔJ   FG(F)    secs
     0   3.08e-01   1.83e-03        n/a        n/a    1(0)     2.5
     1   3.08e-01   1.83e-03   1.83e-03  -3.33e-06    1(0)     2.8
     2   1.86e-01   1.83e-03   9.80e+01  -1.22e-01    2(0)     4.8
     3   1.36e-01   1.40e-03   9.06e+01  -5.00e-02    1(0)     2.4
     4   9.10e-02   2.00e-03   9.67e+01  -4.51e-02    1(0)     2.4
     5   5.26e-02   2.54e-03   6.09e+01  -3.84e-02    1(0)     2.4
     6   3.82e-02   1.18e-03   2.14e+01  -1.44e-02    1(0)     2.4
     7   1.61e-02   8.92e-04   7.56e+01  -2.21e-02    1(0)     2.4
     8   9.23e-03   6.26e-04   3.34e+01  -6.92e-03    1(0)     2.8

--- Optimisation summary ---
Iterations: 8   Final J_T: 9.227776e-03   ⇒ F ≈ 0.990772

--- Re-propagation diagnostics ---
F:                  0.99077222
|⟨φ|ψ(T)⟩|:         0.995375
arg⟨φ|ψ(T)⟩:        -0.0391 rad   (global phase)
Max |1 − ‖ψ(T)‖²|:  5.66e-15
Pulse plot saved to: ion_GRAPE_xdisp_pol_pulses_Tfrac900.png

============================================================
  T_frac = 0.7500
============================================================
‖ψ_target‖² = 1.0000000000  (should be 1, xdisp=true)
=== ion_GRAPE_displace: |0⟩_b⊗|polarized⟩ → x-displaced (rotated) squeeze+displace target ===
N = 1, nmax = 20, z_target = 0.500, P = 1, ℓ = 1
ζ = 1.000000, τ = 0.028209 ms
t_strobo = 0.112838 ms, t_free = 0.112838 ms, T = 0.169257 ms, nt = 400

Initial-guess (extended protocol):  F = 0.611917

Running GRAPE (iter_stop = 400, F_threshold = 0.9900)…
 iter.        J_T       ǁ∇Jǁ       ǁΔϵǁ         ΔJ   FG(F)    secs
     0   3.88e-01   2.51e-03        n/a        n/a    1(0)     2.7
     1   3.88e-01   2.51e-03   2.51e-03  -6.32e-06    1(0)     3.0
     2   2.63e-01   2.51e-03   2.20e+02  -1.25e-01    1(0)     2.5
     3   1.65e-01   3.27e-03   7.70e+01  -9.78e-02    1(0)     2.4
     4   1.29e-01   1.75e-03   3.19e+01  -3.58e-02    1(0)     2.5
     5   8.16e-02   1.01e-03   7.11e+01  -4.75e-02    1(0)     2.4
     6   4.02e-02   1.27e-03   1.08e+02  -4.13e-02    1(0)     2.4
     7   1.71e-02   8.58e-04   6.89e+01  -2.31e-02    1(0)     2.4
     8   7.80e-03   4.68e-04   6.90e+01  -9.33e-03    1(0)     2.4

--- Optimisation summary ---
Iterations: 8   Final J_T: 7.799808e-03   ⇒ F ≈ 0.992200

--- Re-propagation diagnostics ---
F:                  0.99220019
|⟨φ|ψ(T)⟩|:         0.996092
arg⟨φ|ψ(T)⟩:        -0.0622 rad   (global phase)
Max |1 − ‖ψ(T)‖²|:  2.22e-16
Pulse plot saved to: ion_GRAPE_xdisp_pol_pulses_Tfrac750.png

============================================================
  T_frac = 0.5000
============================================================
‖ψ_target‖² = 1.0000000000  (should be 1, xdisp=true)
=== ion_GRAPE_displace: |0⟩_b⊗|polarized⟩ → x-displaced (rotated) squeeze+displace target ===
N = 1, nmax = 20, z_target = 0.500, P = 1, ℓ = 1
ζ = 1.000000, τ = 0.028209 ms
t_strobo = 0.112838 ms, t_free = 0.112838 ms, T = 0.112838 ms, nt = 400

Initial-guess (extended protocol):  F = 0.323981

Running GRAPE (iter_stop = 400, F_threshold = 0.9900)…
 iter.        J_T       ǁ∇Jǁ       ǁΔϵǁ         ΔJ   FG(F)    secs
     0   6.76e-01   1.86e-03        n/a        n/a    1(0)     2.6
     1   6.76e-01   1.86e-03   1.86e-03  -3.47e-06    1(0)     2.9
     2   4.14e-01   1.86e-03   1.63e+02  -2.62e-01    9(0)    21.7
     3   2.82e-01   1.43e-03   1.51e+02  -1.31e-01    2(0)     4.7
     4   1.79e-01   1.43e-03   1.33e+02  -1.03e-01    1(0)     2.3
     5   8.84e-02   1.37e-03   2.47e+02  -9.11e-02    1(0)     2.3
     6   5.34e-02   1.87e-03   5.48e+01  -3.50e-02    2(0)     4.7
     7   4.35e-02   6.97e-04   3.29e+01  -9.85e-03    1(0)     2.3
     8   3.00e-02   4.73e-04   4.17e+01  -1.35e-02    1(0)     2.3
     9   1.66e-02   3.04e-04   1.25e+02  -1.34e-02    1(0)     2.6
    10   1.26e-02   3.87e-04   6.46e+01  -4.01e-03    1(0)     2.5
    11   8.01e-03   3.87e-04   2.31e+01  -4.57e-03    1(0)     2.4

--- Optimisation summary ---
Iterations: 11   Final J_T: 8.009496e-03   ⇒ F ≈ 0.991991

--- Re-propagation diagnostics ---
F:                  0.99199050
|⟨φ|ψ(T)⟩|:         0.995987
arg⟨φ|ψ(T)⟩:        +0.0045 rad   (global phase)
Max |1 − ‖ψ(T)‖²|:  6.66e-16
Pulse plot saved to: ion_GRAPE_xdisp_pol_pulses_Tfrac500.png

============================================================
  T_frac = 0.3333
============================================================
‖ψ_target‖² = 1.0000000000  (should be 1, xdisp=true)
=== ion_GRAPE_displace: |0⟩_b⊗|polarized⟩ → x-displaced (rotated) squeeze+displace target ===
N = 1, nmax = 20, z_target = 0.500, P = 1, ℓ = 1
ζ = 1.000000, τ = 0.028209 ms
t_strobo = 0.112838 ms, t_free = 0.112838 ms, T = 0.075225 ms, nt = 400

Initial-guess (extended protocol):  F = 0.156574

Running GRAPE (iter_stop = 400, F_threshold = 0.9900)…
 iter.        J_T       ǁ∇Jǁ       ǁΔϵǁ         ΔJ   FG(F)    secs
     0   8.43e-01   8.29e-04        n/a        n/a    1(0)     2.5
     1   8.43e-01   8.29e-04   8.29e-04  -6.87e-07    1(0)     2.8
     2   5.96e-01   8.29e-04   2.90e+02  -2.48e-01   10(0)    24.1
     3   4.52e-01   9.71e-04   5.99e+03  -1.43e-01    3(0)     7.5
     4   4.17e-01   2.01e-03   1.14e+02  -3.56e-02    4(0)    10.5
     5   6.46e-02   1.83e-03   3.24e+02  -3.52e-01    2(0)     5.0
     6   3.34e-02   1.10e-03   1.78e+02  -3.12e-02    1(0)     2.5
     7   1.30e-02   6.35e-04   8.74e+01  -2.04e-02    1(0)     2.6
     8   9.28e-03   2.70e-04   3.02e+01  -3.68e-03    1(0)     2.5

--- Optimisation summary ---
Iterations: 8   Final J_T: 9.284693e-03   ⇒ F ≈ 0.990715

--- Re-propagation diagnostics ---
F:                  0.99071531
|⟨φ|ψ(T)⟩|:         0.995347
arg⟨φ|ψ(T)⟩:        -0.3071 rad   (global phase)
Max |1 − ‖ψ(T)‖²|:  3.77e-15
Pulse plot saved to: ion_GRAPE_xdisp_pol_pulses_Tfrac333.png

============================================================
  Sweep summary
============================================================
  T_frac       T (ms)       F_init        F_opt   iter
  1.0000     0.225676     0.673805   0.99568828      8
  0.9000     0.203108     0.691901   0.99077222      8
  0.7500     0.169257     0.611917   0.99220019      8
  0.5000     0.112838     0.323981   0.99199050     11
  0.3333     0.075225     0.156574   0.99071531      8
